UTC: 2026-09-20T00:18:24.667636+00:00
cwd: /Users/namin/code/eric/rocq/my-studies/termination
Rocq source: /Users/namin/code/eric/rocq
OCAMLPATH=/Users/namin/code/eric/rocq/_build/install/default/lib
Euclid.v SHA256: 25a657c6070577bf2be2f99b5b4a6e579744ae3d3e5eb24d58d0889bd18fb434

$ git -C /Users/namin/code/eric/rocq rev-parse HEAD
67ab16a375d31812dc1dd788f92d446d7d6dcd45

[exit 0]

$ git -C /Users/namin/code/eric/rocq diff --stat HEAD

[exit 0]

$ /Users/namin/code/eric/rocq/_build/install/default/bin/rocq --version
The Rocq Prover, version 9.4+alpha
compiled with OCaml 5.4.1

[exit 0]

$ /Users/namin/code/eric/rocq/_build/install/default/bin/rocq compile -config
COQLIB=/Users/namin/code/eric/rocq/_build/install/default/lib/coq/
COQCORELIB=/Users/namin/code/eric/rocq/_build/install/default/lib/coq/../rocq-runtime/
DOCDIR=/Users/namin/code/eric/rocq/_build/install/default/share/doc/
OCAMLFIND=/Users/namin/.opam/fresh/bin/ocamlfind
CAMLFLAGS=-thread -bin-annot -strict-sequence -w +a-4-9-27-40..42-44-45-48-58-67-68-70
WARN=-warn-error +a-3
HASNATDYNLINK=true
COQ_SRC_SUBDIRS=boot config lib clib kernel library engine pretyping interp gramlib parsing proofs tactics toplevel printing ide stm vernac plugins/btauto plugins/cc plugins/derive plugins/extraction plugins/firstorder plugins/funind plugins/ltac plugins/ltac2 plugins/ltac2_ltac1 plugins/micromega plugins/nsatz plugins/ring plugins/rtauto plugins/ssr plugins/ssrmatching plugins/ssrrewrite plugins/syntax
COQ_NATIVE_COMPILER_DEFAULT=no

[exit 0]

Generated build configuration:
(* DO NOT EDIT THIS FILE: automatically generated by ../configure *)
(* Exact command that generated this file: *)
(* tools/configure/configure.exe -quiet -relocatable *)

let gc_ramp_up f = fst (Gc.ramp_up f)
type relocatable_path = NotRelocatable of string | Relocatable of string
let install_prefix = Relocatable ""
let coqlib = Relocatable "lib/coq"
let configdir = Relocatable "etc/xdg/coq"
let datadir = Relocatable "share/coq"
let docdir = Relocatable "share/doc"
let coqlibsuffix = "lib/coq"
let configdirsuffix = "etc/xdg/coq"
let datadirsuffix = "share/coq"
let docdirsuffix = "share/doc"
let ocamlfind = "/Users/namin/.opam/fresh/bin/ocamlfind"
let caml_flags = "-thread -bin-annot -strict-sequence -w +a-4-9-27-40..42-44-45-48-58-67-68-70"
let version = "9.4+alpha"
let caml_version = "5.4.1"
let caml_version_nums = [5;4;1]
let arch = "Darwin"
let arch_is_win32 = false
let exec_extension = ""
let has_natdynlink = true
let vo_version = 90399l
let browser = "open \"%s\""
let wwwcoq = "http://rocq-prover.org/"
let wwwbugtracker = "http://rocq-prover.org/bugs/"
let wwwrefman = "http://rocq-prover.org/doc/V9.4+alpha/refman/"
let wwwcorelib = "http://rocq-prover.org/doc/V9.4+alpha/corelib/"
let bytecode_compiler = true
type native_compiler = NativeOff | NativeOn of { ondemand : bool }
let native_compiler = NativeOff

let core_src_dirs = [
  "boot";
  "config";
  "lib";
  "clib";
  "kernel";
  "library";
  "engine";
  "pretyping";
  "interp";
  "gramlib";
  "parsing";
  "proofs";
  "tactics";
  "toplevel";
  "printing";
  "ide";
  "stm";
  "vernac";
]

let plugins_dirs = [
  "plugins/btauto";
  "plugins/cc";
  "plugins/derive";
  "plugins/extraction";
  "plugins/firstorder";
  "plugins/funind";
  "plugins/ltac";
  "plugins/ltac2";
  "plugins/ltac2_ltac1";
  "plugins/micromega";
  "plugins/nsatz";
  "plugins/ring";
  "plugins/rtauto";
  "plugins/ssr";
  "plugins/ssrmatching";
  "plugins/ssrrewrite";
  "plugins/syntax";
]

let all_src_dirs = core_src_dirs @ plugins_dirs
